Loading PDFs and extracting text...
Detected 5 PDFs:
  - Investment Law.pdf
  - ISC Guide English (1).pdf
  - ISC Guide English.pdf
  - Law No. 72 of 2017.pdf
  - Lawno159oftheyear1981.pdf
Extracting Investment Law.pdf...
  extracted 110 pages in 2.30s
Extracting ISC Guide English (1).pdf...
  extracted 224 pages in 17.99s
Extracting ISC Guide English.pdf...
  extracted 224 pages in 17.72s
Extracting Law No. 72 of 2017.pdf...
  extracted 85 pages in 3.56s
Extracting Lawno159oftheyear1981.pdf...
  extracted 68 pages in 2.25s
Loaded 711 pages in 43.83s
Cleaning text...
Wrote 5 cleaned files in 0.01s
Cleaning phase completed in 0.01s
Creating chunks...
Chunking created 1487 chunks in 0.06s
Wrote 1487 chunks in 0.04s
Generating embeddings and saving Chroma database...
Loading BAAI/bge-m3 embedding model...
Loaded embedding model in 9.18s
Generated smoke-test vector with 1024 dimensions in 4.60s
Opened Chroma collection in 0.37s
Embedded 50/1487 chunks in 137.24s; wrote to Chroma in 0.32s
Embedded 100/1487 chunks in 137.32s; wrote to Chroma in 0.15s
